R:\Rearchitecturing_Projet_AWS\vprofile-project\src\main\java\com\visualpathit\account\AuthenticationFailureHandler.java
R:\Rearchitecturing_Projet_AWS\vprofile-project\src\main\java\com\visualpathit\account\beans\Components.java
R:\Rearchitecturing_Projet_AWS\vprofile-project\src\main\java\com\visualpathit\account\controller\ElasticSearchController.java
R:\Rearchitecturing_Projet_AWS\vprofile-project\src\main\java\com\visualpathit\account\controller\FileUploadController.java
R:\Rearchitecturing_Projet_AWS\vprofile-project\src\main\java\com\visualpathit\account\controller\RabbitMqController.java
R:\Rearchitecturing_Projet_AWS\vprofile-project\src\main\java\com\visualpathit\account\controller\UserController.java
R:\Rearchitecturing_Projet_AWS\vprofile-project\src\main\java\com\visualpathit\account\GlobalExceptionHandler.java
R:\Rearchitecturing_Projet_AWS\vprofile-project\src\main\java\com\visualpathit\account\model\Role.java
R:\Rearchitecturing_Projet_AWS\vprofile-project\src\main\java\com\visualpathit\account\model\User.java
R:\Rearchitecturing_Projet_AWS\vprofile-project\src\main\java\com\visualpathit\account\repository\RoleRepository.java
R:\Rearchitecturing_Projet_AWS\vprofile-project\src\main\java\com\visualpathit\account\repository\UserRepository.java
R:\Rearchitecturing_Projet_AWS\vprofile-project\src\main\java\com\visualpathit\account\service\ConsumerService.java
R:\Rearchitecturing_Projet_AWS\vprofile-project\src\main\java\com\visualpathit\account\service\ConsumerServiceImpl.java
R:\Rearchitecturing_Projet_AWS\vprofile-project\src\main\java\com\visualpathit\account\service\ProducerService.java
R:\Rearchitecturing_Projet_AWS\vprofile-project\src\main\java\com\visualpathit\account\service\ProducerServiceImpl.java
R:\Rearchitecturing_Projet_AWS\vprofile-project\src\main\java\com\visualpathit\account\service\SecurityService.java
R:\Rearchitecturing_Projet_AWS\vprofile-project\src\main\java\com\visualpathit\account\service\SecurityServiceImpl.java
R:\Rearchitecturing_Projet_AWS\vprofile-project\src\main\java\com\visualpathit\account\service\UserDetailsServiceImpl.java
R:\Rearchitecturing_Projet_AWS\vprofile-project\src\main\java\com\visualpathit\account\service\UserService.java
R:\Rearchitecturing_Projet_AWS\vprofile-project\src\main\java\com\visualpathit\account\service\UserServiceImpl.java
R:\Rearchitecturing_Projet_AWS\vprofile-project\src\main\java\com\visualpathit\account\UserNotFoundException.java
R:\Rearchitecturing_Projet_AWS\vprofile-project\src\main\java\com\visualpathit\account\utils\ElasticsearchUtil.java
R:\Rearchitecturing_Projet_AWS\vprofile-project\src\main\java\com\visualpathit\account\utils\MemcachedUtils.java
R:\Rearchitecturing_Projet_AWS\vprofile-project\src\main\java\com\visualpathit\account\utils\RabbitMqUtil.java
R:\Rearchitecturing_Projet_AWS\vprofile-project\src\main\java\com\visualpathit\account\validator\UserValidator.java
